// Jest Snapshot v1, https://goo.gl/fbAQLP

exports[`Leaderboard renders successfully 1`] = `
Object {
  "asFragment": [Function],
  "baseElement": <body>
    <div>
      <div
        class="MuiBox-root css-19midj6"
      >
        <div
          class="MuiPaper-root MuiPaper-elevation MuiPaper-rounded MuiPaper-elevation1 MuiTableContainer-root css-11xur9t-MuiPaper-root-MuiTableContainer-root"
        >
          <table
            aria-label="Leaderboard"
            class="MuiTable-root css-rqglhn-MuiTable-root"
          >
            <thead
              class="MuiTableHead-root css-15wwp11-MuiTableHead-root"
            >
              <tr
                class="MuiTableRow-root MuiTableRow-head css-1q1u3t4-MuiTableRow-root"
                style="height: 33px;"
              >
                <th
                  class="MuiTableCell-root MuiTableCell-head MuiTableCell-sizeSmall css-1howxi1-MuiTableCell-root"
                  scope="col"
                >
                  User
                </th>
                <th
                  class="MuiTableCell-root MuiTableCell-head MuiTableCell-alignLeft MuiTableCell-sizeSmall css-1howxi1-MuiTableCell-root"
                  scope="col"
                >
                  Questions Asked
                </th>
                <th
                  class="MuiTableCell-root MuiTableCell-head MuiTableCell-alignLeft MuiTableCell-sizeSmall css-1howxi1-MuiTableCell-root"
                  scope="col"
                >
                  Questions Answered
                </th>
                <th
                  class="MuiTableCell-root MuiTableCell-head MuiTableCell-alignLeft MuiTableCell-sizeSmall css-1howxi1-MuiTableCell-root"
                  scope="col"
                >
                  Total
                </th>
              </tr>
            </thead>
            <tbody
              class="MuiTableBody-root css-apqrd9-MuiTableBody-root"
            >
              <tr
                class="MuiTableRow-root css-1q1u3t4-MuiTableRow-root"
              >
                <th
                  class="MuiTableCell-root MuiTableCell-body MuiTableCell-sizeSmall css-dsuxgy-MuiTableCell-root"
                  margin="none"
                  scope="row"
                >
                  <div
                    class="MuiAvatar-root MuiAvatar-circular css-1wlk0hk-MuiAvatar-root"
                  >
                    <img
                      class="MuiAvatar-img css-1pqm26d-MuiAvatar-img"
                      src="https://www.svgrepo.com/show/123796/avatar.svg"
                    />
                  </div>
                  Sarah Edo
                </th>
                <td
                  class="MuiTableCell-root MuiTableCell-body MuiTableCell-alignLeft MuiTableCell-sizeSmall css-dsuxgy-MuiTableCell-root"
                >
                  2
                </td>
                <td
                  class="MuiTableCell-root MuiTableCell-body MuiTableCell-alignLeft MuiTableCell-sizeSmall css-dsuxgy-MuiTableCell-root"
                >
                  4
                </td>
                <td
                  class="MuiTableCell-root MuiTableCell-body MuiTableCell-alignLeft MuiTableCell-sizeSmall css-dsuxgy-MuiTableCell-root"
                >
                  6
                </td>
              </tr>
              <tr
                class="MuiTableRow-root css-1q1u3t4-MuiTableRow-root"
              >
                <th
                  class="MuiTableCell-root MuiTableCell-body MuiTableCell-sizeSmall css-dsuxgy-MuiTableCell-root"
                  margin="none"
                  scope="row"
                >
                  <div
                    class="MuiAvatar-root MuiAvatar-circular css-1wlk0hk-MuiAvatar-root"
                  >
                    <img
                      class="MuiAvatar-img css-1pqm26d-MuiAvatar-img"
                      src="https://www.svgrepo.com/show/163025/avatar.svg"
                    />
                  </div>
                  Tyler McGinnis
                </th>
                <td
                  class="MuiTableCell-root MuiTableCell-body MuiTableCell-alignLeft MuiTableCell-sizeSmall css-dsuxgy-MuiTableCell-root"
                >
                  2
                </td>
                <td
                  class="MuiTableCell-root MuiTableCell-body MuiTableCell-alignLeft MuiTableCell-sizeSmall css-dsuxgy-MuiTableCell-root"
                >
                  4
                </td>
                <td
                  class="MuiTableCell-root MuiTableCell-body MuiTableCell-alignLeft MuiTableCell-sizeSmall css-dsuxgy-MuiTableCell-root"
                >
                  6
                </td>
              </tr>
              <tr
                class="MuiTableRow-root css-1q1u3t4-MuiTableRow-root"
              >
                <th
                  class="MuiTableCell-root MuiTableCell-body MuiTableCell-sizeSmall css-dsuxgy-MuiTableCell-root"
                  margin="none"
                  scope="row"
                >
                  <div
                    class="MuiAvatar-root MuiAvatar-circular css-1wlk0hk-MuiAvatar-root"
                  >
                    <img
                      class="MuiAvatar-img css-1pqm26d-MuiAvatar-img"
                      src="https://www.svgrepo.com/show/119054/avatar.svg"
                    />
                  </div>
                  Mike Tsamis
                </th>
                <td
                  class="MuiTableCell-root MuiTableCell-body MuiTableCell-alignLeft MuiTableCell-sizeSmall css-dsuxgy-MuiTableCell-root"
                >
                  2
                </td>
                <td
                  class="MuiTableCell-root MuiTableCell-body MuiTableCell-alignLeft MuiTableCell-sizeSmall css-dsuxgy-MuiTableCell-root"
                >
                  3
                </td>
                <td
                  class="MuiTableCell-root MuiTableCell-body MuiTableCell-alignLeft MuiTableCell-sizeSmall css-dsuxgy-MuiTableCell-root"
                >
                  5
                </td>
              </tr>
              <tr
                class="MuiTableRow-root css-1q1u3t4-MuiTableRow-root"
              >
                <th
                  class="MuiTableCell-root MuiTableCell-body MuiTableCell-sizeSmall css-dsuxgy-MuiTableCell-root"
                  margin="none"
                  scope="row"
                >
                  <div
                    class="MuiAvatar-root MuiAvatar-circular css-1wlk0hk-MuiAvatar-root"
                  >
                    <img
                      class="MuiAvatar-img css-1pqm26d-MuiAvatar-img"
                      src="https://www.svgrepo.com/show/169763/avatar.svg"
                    />
                  </div>
                  Zenobia Oshikanlu
                </th>
                <td
                  class="MuiTableCell-root MuiTableCell-body MuiTableCell-alignLeft MuiTableCell-sizeSmall css-dsuxgy-MuiTableCell-root"
                >
                  0
                </td>
                <td
                  class="MuiTableCell-root MuiTableCell-body MuiTableCell-alignLeft MuiTableCell-sizeSmall css-dsuxgy-MuiTableCell-root"
                >
                  1
                </td>
                <td
                  class="MuiTableCell-root MuiTableCell-body MuiTableCell-alignLeft MuiTableCell-sizeSmall css-dsuxgy-MuiTableCell-root"
                >
                  1
                </td>
              </tr>
            </tbody>
          </table>
        </div>
      </div>
    </div>
  </body>,
  "container": <div>
    <div
      class="MuiBox-root css-19midj6"
    >
      <div
        class="MuiPaper-root MuiPaper-elevation MuiPaper-rounded MuiPaper-elevation1 MuiTableContainer-root css-11xur9t-MuiPaper-root-MuiTableContainer-root"
      >
        <table
          aria-label="Leaderboard"
          class="MuiTable-root css-rqglhn-MuiTable-root"
        >
          <thead
            class="MuiTableHead-root css-15wwp11-MuiTableHead-root"
          >
            <tr
              class="MuiTableRow-root MuiTableRow-head css-1q1u3t4-MuiTableRow-root"
              style="height: 33px;"
            >
              <th
                class="MuiTableCell-root MuiTableCell-head MuiTableCell-sizeSmall css-1howxi1-MuiTableCell-root"
                scope="col"
              >
                User
              </th>
              <th
                class="MuiTableCell-root MuiTableCell-head MuiTableCell-alignLeft MuiTableCell-sizeSmall css-1howxi1-MuiTableCell-root"
                scope="col"
              >
                Questions Asked
              </th>
              <th
                class="MuiTableCell-root MuiTableCell-head MuiTableCell-alignLeft MuiTableCell-sizeSmall css-1howxi1-MuiTableCell-root"
                scope="col"
              >
                Questions Answered
              </th>
              <th
                class="MuiTableCell-root MuiTableCell-head MuiTableCell-alignLeft MuiTableCell-sizeSmall css-1howxi1-MuiTableCell-root"
                scope="col"
              >
                Total
              </th>
            </tr>
          </thead>
          <tbody
            class="MuiTableBody-root css-apqrd9-MuiTableBody-root"
          >
            <tr
              class="MuiTableRow-root css-1q1u3t4-MuiTableRow-root"
            >
              <th
                class="MuiTableCell-root MuiTableCell-body MuiTableCell-sizeSmall css-dsuxgy-MuiTableCell-root"
                margin="none"
                scope="row"
              >
                <div
                  class="MuiAvatar-root MuiAvatar-circular css-1wlk0hk-MuiAvatar-root"
                >
                  <img
                    class="MuiAvatar-img css-1pqm26d-MuiAvatar-img"
                    src="https://www.svgrepo.com/show/123796/avatar.svg"
                  />
                </div>
                Sarah Edo
              </th>
              <td
                class="MuiTableCell-root MuiTableCell-body MuiTableCell-alignLeft MuiTableCell-sizeSmall css-dsuxgy-MuiTableCell-root"
              >
                2
              </td>
              <td
                class="MuiTableCell-root MuiTableCell-body MuiTableCell-alignLeft MuiTableCell-sizeSmall css-dsuxgy-MuiTableCell-root"
              >
                4
              </td>
              <td
                class="MuiTableCell-root MuiTableCell-body MuiTableCell-alignLeft MuiTableCell-sizeSmall css-dsuxgy-MuiTableCell-root"
              >
                6
              </td>
            </tr>
            <tr
              class="MuiTableRow-root css-1q1u3t4-MuiTableRow-root"
            >
              <th
                class="MuiTableCell-root MuiTableCell-body MuiTableCell-sizeSmall css-dsuxgy-MuiTableCell-root"
                margin="none"
                scope="row"
              >
                <div
                  class="MuiAvatar-root MuiAvatar-circular css-1wlk0hk-MuiAvatar-root"
                >
                  <img
                    class="MuiAvatar-img css-1pqm26d-MuiAvatar-img"
                    src="https://www.svgrepo.com/show/163025/avatar.svg"
                  />
                </div>
                Tyler McGinnis
              </th>
              <td
                class="MuiTableCell-root MuiTableCell-body MuiTableCell-alignLeft MuiTableCell-sizeSmall css-dsuxgy-MuiTableCell-root"
              >
                2
              </td>
              <td
                class="MuiTableCell-root MuiTableCell-body MuiTableCell-alignLeft MuiTableCell-sizeSmall css-dsuxgy-MuiTableCell-root"
              >
                4
              </td>
              <td
                class="MuiTableCell-root MuiTableCell-body MuiTableCell-alignLeft MuiTableCell-sizeSmall css-dsuxgy-MuiTableCell-root"
              >
                6
              </td>
            </tr>
            <tr
              class="MuiTableRow-root css-1q1u3t4-MuiTableRow-root"
            >
              <th
                class="MuiTableCell-root MuiTableCell-body MuiTableCell-sizeSmall css-dsuxgy-MuiTableCell-root"
                margin="none"
                scope="row"
              >
                <div
                  class="MuiAvatar-root MuiAvatar-circular css-1wlk0hk-MuiAvatar-root"
                >
                  <img
                    class="MuiAvatar-img css-1pqm26d-MuiAvatar-img"
                    src="https://www.svgrepo.com/show/119054/avatar.svg"
                  />
                </div>
                Mike Tsamis
              </th>
              <td
                class="MuiTableCell-root MuiTableCell-body MuiTableCell-alignLeft MuiTableCell-sizeSmall css-dsuxgy-MuiTableCell-root"
              >
                2
              </td>
              <td
                class="MuiTableCell-root MuiTableCell-body MuiTableCell-alignLeft MuiTableCell-sizeSmall css-dsuxgy-MuiTableCell-root"
              >
                3
              </td>
              <td
                class="MuiTableCell-root MuiTableCell-body MuiTableCell-alignLeft MuiTableCell-sizeSmall css-dsuxgy-MuiTableCell-root"
              >
                5
              </td>
            </tr>
            <tr
              class="MuiTableRow-root css-1q1u3t4-MuiTableRow-root"
            >
              <th
                class="MuiTableCell-root MuiTableCell-body MuiTableCell-sizeSmall css-dsuxgy-MuiTableCell-root"
                margin="none"
                scope="row"
              >
                <div
                  class="MuiAvatar-root MuiAvatar-circular css-1wlk0hk-MuiAvatar-root"
                >
                  <img
                    class="MuiAvatar-img css-1pqm26d-MuiAvatar-img"
                    src="https://www.svgrepo.com/show/169763/avatar.svg"
                  />
                </div>
                Zenobia Oshikanlu
              </th>
              <td
                class="MuiTableCell-root MuiTableCell-body MuiTableCell-alignLeft MuiTableCell-sizeSmall css-dsuxgy-MuiTableCell-root"
              >
                0
              </td>
              <td
                class="MuiTableCell-root MuiTableCell-body MuiTableCell-alignLeft MuiTableCell-sizeSmall css-dsuxgy-MuiTableCell-root"
              >
                1
              </td>
              <td
                class="MuiTableCell-root MuiTableCell-body MuiTableCell-alignLeft MuiTableCell-sizeSmall css-dsuxgy-MuiTableCell-root"
              >
                1
              </td>
            </tr>
          </tbody>
        </table>
      </div>
    </div>
  </div>,
  "debug": [Function],
  "findAllByAltText": [Function],
  "findAllByDisplayValue": [Function],
  "findAllByLabelText": [Function],
  "findAllByPlaceholderText": [Function],
  "findAllByRole": [Function],
  "findAllByTestId": [Function],
  "findAllByText": [Function],
  "findAllByTitle": [Function],
  "findByAltText": [Function],
  "findByDisplayValue": [Function],
  "findByLabelText": [Function],
  "findByPlaceholderText": [Function],
  "findByRole": [Function],
  "findByTestId": [Function],
  "findByText": [Function],
  "findByTitle": [Function],
  "getAllByAltText": [Function],
  "getAllByDisplayValue": [Function],
  "getAllByLabelText": [Function],
  "getAllByPlaceholderText": [Function],
  "getAllByRole": [Function],
  "getAllByTestId": [Function],
  "getAllByText": [Function],
  "getAllByTitle": [Function],
  "getByAltText": [Function],
  "getByDisplayValue": [Function],
  "getByLabelText": [Function],
  "getByPlaceholderText": [Function],
  "getByRole": [Function],
  "getByTestId": [Function],
  "getByText": [Function],
  "getByTitle": [Function],
  "queryAllByAltText": [Function],
  "queryAllByDisplayValue": [Function],
  "queryAllByLabelText": [Function],
  "queryAllByPlaceholderText": [Function],
  "queryAllByRole": [Function],
  "queryAllByTestId": [Function],
  "queryAllByText": [Function],
  "queryAllByTitle": [Function],
  "queryByAltText": [Function],
  "queryByDisplayValue": [Function],
  "queryByLabelText": [Function],
  "queryByPlaceholderText": [Function],
  "queryByRole": [Function],
  "queryByTestId": [Function],
  "queryByText": [Function],
  "queryByTitle": [Function],
  "rerender": [Function],
  "unmount": [Function],
}
`;
